// Jest Snapshot v1, https://goo.gl/fbAQLP

exports[`<Footer /> should render 4 column topics 1`] = `
.c6 {
  color: #030517;
  position: relative;
  margin-bottom: 3.2rem;
  font-size: 1.6rem;
}

.c6::after {
  position: absolute;
  left: 0;
  bottom: -1rem;
  content: '';
  width: 5rem;
  border-bottom: 0.5rem solid #3CD3C1;
}

.c6::after {
  width: 3rem;
}

.c2 {
  color: #030517;
  width: 16rem;
  height: 9.3rem;
}

.c0 .c1 {
  margin-bottom: -3rem;
}

.c0 .c5 {
  text-transform: uppercase;
}

.c3 {
  display: grid;
  grid-template-columns: repeat(2,1fr);
  gap: 3.2rem;
  margin-top: 3.2rem;
}

.c4 a,
.c4 span {
  display: block;
  color: #5c5c5c;
  -webkit-text-decoration: none;
  text-decoration: none;
  margin-bottom: 0.8rem;
  font-size: 1.6rem;
}

.c4 a:hover {
  -webkit-text-decoration: underline;
  text-decoration: underline;
}

.c7 {
  color: #8F8F8F;
  font-size: 1.2rem;
  margin-top: 4.0rem;
  margin-bottom: 3.2rem;
  text-align: center;
}

@media (min-width:768px) {
  .c3 {
    grid-template-columns: repeat(4,1fr);
  }
}

<footer
  class="c0"
>
  <div
    class="c1 c2"
    color="black"
  >
    <svg
      aria-label="Makeup Store"
      fill="none"
      role="img"
      viewBox="0 0 1264 512"
      xmlns="http://www.w3.org/2000/svg"
    >
      <path
        class="text"
        d="m583.2 389-23.5-62.6h-.4c.2 2.067.367 4.867.5 8.4.133 3.467.2 7.1.2 10.9V389h-8.3v-71.4H565l22 58.5h.4l22.4-58.5H623V389h-8.9v-43.9c0-3.467.067-6.9.2-10.3.2-3.4.367-6.167.5-8.3h-.4L590.6 389h-7.4Zm78.323-54.5c6.533 0 11.366 1.433 14.5 4.3 3.133 2.867 4.7 7.433 4.7 13.7V389h-6.4l-1.7-7.6h-.4c-2.334 2.933-4.8 5.1-7.4 6.5-2.534 1.4-6.067 2.1-10.6 2.1-4.867 0-8.9-1.267-12.1-3.8-3.2-2.6-4.8-6.633-4.8-12.1 0-5.333 2.1-9.433 6.3-12.3 4.2-2.933 10.666-4.533 19.4-4.8l9.1-.3v-3.2c0-4.467-.967-7.567-2.9-9.3-1.934-1.733-4.667-2.6-8.2-2.6-2.8 0-5.467.433-8 1.3-2.534.8-4.9 1.733-7.1 2.8l-2.7-6.6c2.333-1.267 5.1-2.333 8.3-3.2 3.2-.933 6.533-1.4 10-1.4Zm2.6 28.6c-6.667.267-11.3 1.333-13.9 3.2-2.534 1.867-3.8 4.5-3.8 7.9 0 3 .9 5.2 2.7 6.6 1.866 1.4 4.233 2.1 7.1 2.1 4.533 0 8.3-1.233 11.3-3.7 3-2.533 4.5-6.4 4.5-11.6v-4.8l-7.9.3Zm41.854-10.4c0 1.067-.066 2.467-.2 4.2a309.953 309.953 0 0 1-.2 4.5h.4c.4-.533 1-1.3 1.8-2.3l2.4-3a70.105 70.105 0 0 1 2.2-2.6l17.1-18.1h10.3l-21.7 22.9 23.2 30.7h-10.6l-18.6-25-6.1 5.3V389h-8.7v-76h8.7v39.7Zm65.418-18.3c4.6 0 8.534 1 11.8 3 3.334 2 5.867 4.833 7.6 8.5 1.8 3.6 2.7 7.833 2.7 12.7v5.3h-36.7c.134 6.067 1.667 10.7 4.6 13.9 3 3.133 7.167 4.7 12.5 4.7 3.4 0 6.4-.3 9-.9 2.667-.667 5.4-1.6 8.2-2.8v7.7c-2.733 1.2-5.433 2.067-8.1 2.6-2.666.6-5.833.9-9.5.9-5.066 0-9.566-1.033-13.5-3.1-3.866-2.067-6.9-5.133-9.1-9.2-2.133-4.133-3.2-9.167-3.2-15.1 0-5.867.967-10.9 2.9-15.1 2-4.2 4.767-7.433 8.3-9.7 3.6-2.267 7.767-3.4 12.5-3.4Zm-.1 7.2c-4.2 0-7.533 1.367-10 4.1-2.4 2.667-3.833 6.4-4.3 11.2h27.3c-.066-4.533-1.133-8.2-3.2-11-2.066-2.867-5.333-4.3-9.8-4.3Zm80.646-6.2V389h-7.2l-1.3-7.1h-.4c-1.734 2.8-4.134 4.867-7.2 6.2-3.067 1.267-6.334 1.9-9.8 1.9-6.467 0-11.334-1.533-14.6-4.6-3.267-3.133-4.9-8.1-4.9-14.9v-35.1h8.9v34.5c0 8.533 3.966 12.8 11.9 12.8 5.933 0 10.033-1.667 12.3-5 2.333-3.333 3.5-8.133 3.5-14.4v-27.9h8.8Zm42.516-1c6.6 0 11.9 2.3 15.9 6.9 4.067 4.6 6.1 11.533 6.1 20.8 0 9.133-2.033 16.067-6.1 20.8-4 4.733-9.333 7.1-16 7.1-4.133 0-7.567-.767-10.3-2.3-2.667-1.6-4.767-3.433-6.3-5.5h-.6c.133 1.133.267 2.567.4 4.3.133 1.733.2 3.233.2 4.5v22h-8.8v-77.6h7.2l1.2 7.3h.4c1.6-2.333 3.7-4.3 6.3-5.9 2.6-1.6 6.067-2.4 10.4-2.4Zm-1.6 7.4c-5.467 0-9.333 1.533-11.6 4.6-2.2 3.067-3.367 7.733-3.5 14v1.7c0 6.6 1.067 11.7 3.2 15.3 2.2 3.533 6.233 5.3 12.1 5.3 3.267 0 5.933-.9 8-2.7 2.133-1.8 3.7-4.233 4.7-7.3 1.067-3.133 1.6-6.7 1.6-10.7 0-6.133-1.2-11.033-3.6-14.7-2.333-3.667-5.967-5.5-10.9-5.5Zm104.323 28.1c0 6.333-2.3 11.267-6.9 14.8-4.6 3.533-10.8 5.3-18.6 5.3-4 0-7.7-.3-11.1-.9-3.4-.6-6.233-1.433-8.5-2.5V378c2.4 1.067 5.367 2.033 8.9 2.9 3.6.867 7.3 1.3 11.1 1.3 5.334 0 9.334-1.033 12-3.1 2.734-2.067 4.1-4.867 4.1-8.4 0-2.333-.5-4.3-1.5-5.9-1-1.6-2.733-3.067-5.2-4.4-2.4-1.4-5.766-2.867-10.1-4.4-6.066-2.2-10.666-4.9-13.8-8.1-3.066-3.2-4.6-7.567-4.6-13.1 0-3.8.967-7.033 2.9-9.7 1.934-2.733 4.6-4.833 8-6.3 3.467-1.467 7.434-2.2 11.9-2.2 3.934 0 7.534.367 10.8 1.1 3.267.733 6.234 1.7 8.9 2.9l-2.8 7.7c-2.466-1.067-5.166-1.967-8.1-2.7-2.866-.733-5.866-1.1-9-1.1-4.466 0-7.833.967-10.1 2.9-2.266 1.867-3.4 4.367-3.4 7.5 0 2.4.5 4.4 1.5 6 1 1.6 2.634 3.033 4.9 4.3 2.267 1.267 5.334 2.633 9.2 4.1 4.2 1.533 7.734 3.2 10.6 5 2.934 1.733 5.134 3.833 6.6 6.3 1.534 2.467 2.3 5.567 2.3 9.3Zm31.08 12.9c1.34 0 2.7-.1 4.1-.3 1.4-.267 2.54-.533 3.4-.8v6.7c-.93.467-2.26.833-4 1.1-1.73.333-3.4.5-5 .5-2.8 0-5.4-.467-7.8-1.4-2.33-1-4.23-2.7-5.7-5.1-1.46-2.4-2.2-5.767-2.2-10.1v-31.2h-7.6V338l7.7-3.5 3.5-11.4h5.2v12.3h15.5v6.8h-15.5v31c0 3.267.77 5.7 2.3 7.3 1.6 1.533 3.64 2.3 6.1 2.3Zm64.84-20.7c0 8.867-2.27 15.733-6.8 20.6-4.47 4.867-10.54 7.3-18.2 7.3-4.74 0-8.97-1.067-12.7-3.2-3.67-2.2-6.57-5.367-8.7-9.5-2.14-4.2-3.2-9.267-3.2-15.2 0-8.867 2.23-15.7 6.7-20.5 4.46-4.8 10.53-7.2 18.2-7.2 4.86 0 9.13 1.1 12.8 3.3 3.73 2.133 6.63 5.267 8.7 9.4 2.13 4.067 3.2 9.067 3.2 15Zm-40.5 0c0 6.333 1.23 11.367 3.7 15.1 2.53 3.667 6.53 5.5 12 5.5 5.4 0 9.36-1.833 11.9-5.5 2.53-3.733 3.8-8.767 3.8-15.1s-1.27-11.3-3.8-14.9c-2.54-3.6-6.54-5.4-12-5.4-5.47 0-9.44 1.8-11.9 5.4-2.47 3.6-3.7 8.567-3.7 14.9Zm79.44-27.7c1 0 2.07.067 3.2.2 1.2.067 2.24.2 3.1.4l-1.1 8.1c-.86-.2-1.83-.367-2.9-.5-1-.133-1.96-.2-2.9-.2-2.73 0-5.3.767-7.7 2.3-2.4 1.467-4.33 3.567-5.8 6.3-1.4 2.667-2.1 5.8-2.1 9.4V389h-8.8v-53.6h7.2l1 9.8h.4a27.145 27.145 0 0 1 6.7-7.6c2.74-2.133 5.97-3.2 9.7-3.2Zm35.06 0c4.6 0 8.53 1 11.8 3 3.33 2 5.87 4.833 7.6 8.5 1.8 3.6 2.7 7.833 2.7 12.7v5.3h-36.7c.13 6.067 1.67 10.7 4.6 13.9 3 3.133 7.17 4.7 12.5 4.7 3.4 0 6.4-.3 9-.9 2.67-.667 5.4-1.6 8.2-2.8v7.7c-2.73 1.2-5.43 2.067-8.1 2.6-2.67.6-5.83.9-9.5.9-5.07 0-9.57-1.033-13.5-3.1-3.87-2.067-6.9-5.133-9.1-9.2-2.13-4.133-3.2-9.167-3.2-15.1 0-5.867.97-10.9 2.9-15.1 2-4.2 4.77-7.433 8.3-9.7 3.6-2.267 7.77-3.4 12.5-3.4Zm-.1 7.2c-4.2 0-7.53 1.367-10 4.1-2.4 2.667-3.83 6.4-4.3 11.2h27.3c-.07-4.533-1.13-8.2-3.2-11-2.07-2.867-5.33-4.3-9.8-4.3Z"
        fill="currentColor"
      />
      <g
        clip-path="url(#a)"
        fill="currentColor"
      >
        <path
          d="M237.882 33.577c-42.9 5.4-83.7 28.5-109.1 62l-2.6 3.5-39.9-2.8c-24.4-1.7-47.9-2.8-60.5-2.7h-20.6l-2.4 2.6-2.4 2.6-.3 42.9c-.3 47 0 49.9 4.8 52.4 5 2.6 31.6 1.9 92.5-2.5 59.6-4.3 64.8-5 72.7-10.5 3.4-2.3 4.5-2.5 15.5-2.5 14.5 0 18.3-1 23.1-6l3.7-3.9 22-3.6c12.1-2 23.4-4.2 25.2-5 4.2-1.9 5.7-7.1 5.1-18.8-.6-13.1.1-12.7-29.2-17.6-22.4-3.8-27.7-5.3-24.3-7.2.7-.4 6.2-1.8 12.2-3.1 9.7-2 13.6-2.3 33-2.3 24.2.1 33.3 1.4 52 7.6 45.2 15.1 79.4 49.2 89 88.8 1.7 6.8 1.7 9.1-.4 55.9-1.2 26.8-2.1 51-2.1 53.9v5.1l11.8.4c21.2.6 29.7-1.8 39.7-11.3 6.1-5.8 9.4-10.9 11.9-18.6 1.5-4.5 1.7-8.8 1.4-31.5-.3-24.9-.5-26.6-2.6-31.3-6.7-14.5-19.4-23.8-35.2-25.9l-4.5-.6.3-6.1c.5-8.3-1.4-27.2-3.9-38.8-10.3-47.3-43.4-89.1-87.3-110.1-21.4-10.2-40.9-14.9-65.1-15.5-8.8-.2-19.4 0-23.5.5Zm9 38.8v20.9l-9.4.9-9.4.9-9.1-18.3-9.1-18.2 2.7-1.1c6.9-2.6 21.7-5.5 29.6-5.8l4.7-.1v20.8Zm41.5-17.9c4.4 1.1 9.2 2.4 10.8 3l2.7 1.1-9.2 18.5c-5.3 10.6-9.8 18.3-10.4 18.1-.6-.2-4.8-.8-9.3-1.1l-8.1-.8v-42l7.8.7c4.2.3 11.3 1.5 15.7 2.5Zm-86 27.1c5.7 11.3 8.1 17.2 7.3 17.4-.7.2-6.1 1.9-12 3.8l-10.7 3.5-11-11.1c-6.1-6.1-11.1-11.4-11.1-11.8 0-1.4 26.5-18.7 28.7-18.8.2 0 4.1 7.7 8.8 17Zm134.5-5.9c3 2.1 6.6 4.7 8 5.8l2.5 2-11.3 11.4-11.4 11.4-10.6-3.5c-5.9-1.9-11.3-3.6-12-3.8-.8-.2 1.6-6 7.3-17.4l8.6-17.1 6.7 3.7c3.7 2 9.2 5.4 12.2 7.5Zm-181.2 23.2 3.3 3.4-6.1-1-6.1-1 2.2-2.3c1.3-1.3 2.5-2.4 2.9-2.4.3 0 2.1 1.5 3.8 3.3Zm209.7 1.9c2.5 2.9 6.7 8.4 9.2 12.1l4.7 6.8-5.9 5.9-6 6-8.4-6c-4.6-3.4-10.6-7.3-13.2-8.8l-4.9-2.7 9.2-9.2c5.1-5.1 9.6-9.3 10-9.3.3 0 2.7 2.4 5.3 5.2Zm-268 13.3c55 3.9 56.5 4 61.1 6.3l3.4 1.6v44.7l-4.2 1.9c-3.6 1.5-12.9 2.5-53.8 5.4-27.3 2-50.1 3.6-50.8 3.6-.8 0-1.2-5.5-1.4-20.8l-.3-20.7-8.2-.3-8.3-.3-.2 21.3-.3 21.3-8.2.3-8.3.3v-68.1h15.3c8.3 0 37.3 1.6 64.2 3.5Zm98.5 30.5v17.1l-8.2-.3-8.3-.3-.3-16.8-.2-16.7h17v17Zm197.5 6.4c3.8 11.4 4.1 14.8 1 10-1-1.6-4.6-6.3-8.1-10.5l-6.3-7.6 3.7-3.6 3.6-3.7 1.3 2.3c.7 1.2 2.9 7.1 4.8 13.1Zm-162.7-10.8c11.4 1.9 16.2 3.1 16.2 4 0 1.6-.6 1.7-16.6 4.4-18.3 3-17.4 3.3-17.4-4.5 0-3.6.3-6.5.8-6.5.4 0 8 1.2 17 2.6Zm197.2 83.1c4.7 1.9 10.8 7.9 13.1 12.8 1.6 3.5 1.9 6.7 1.9 26.5 0 12.4-.5 24.2-1 26.2-1.4 4.8-9 13.2-13.7 15.1-2.1.8-6.4 1.8-9.5 2.1l-5.8.7v-4.3c-.1-7.3 3.1-75.1 3.6-78.6.5-3.2.6-3.3 4.2-2.6 2 .4 5.3 1.3 7.2 2.1Z"
        />
        <path
          d="M86.482 204.677c-12.3 2-25 11.9-30.9 23.8l-3.2 6.6v57l3.2 6.6c4 8 13 16.9 20.8 20.5 3.5 1.6 8.9 2.9 15 3.7 8.8 1 9.5 1.2 9.5 3.3 0 4.2 5.4 31.8 6.4 33.1.2.2 12.7-3.2 15.3-4.1.8-.4.6-2.4-.7-7.8-3.5-13.9-4.9-28.5-7.5-79.8-1.4-28.3-2.8-54.3-3.1-57.8l-.6-6.2-9.6.1c-5.3.1-11.9.5-14.6 1Zm8.4 16.6c0 .5.9 17.7 2 38.3 1.1 20.6 2 39.7 2 42.3v4.8l-5.7-.7c-3.2-.3-7.5-1.3-9.6-2.1-4.7-1.9-12.3-10.3-13.7-15.1-.5-2-1-13.8-1-26.2 0-26.5.6-28.5 9.8-36.4 3.7-3.2 16.2-6.9 16.2-4.9Zm69-7.1c-8.2 1.7-23.3 9.1-28.9 14.1l-4.2 3.8 6 5.9 5.9 5.9 3.9-3c18.3-14.5 43.3-14.9 63.5-1.2l6.2 4.2 5.3-5.7c3-3.2 5.2-6.3 5-6.9-.6-2-14-10.6-20.5-13.2-13.4-5.4-28.7-6.8-42.2-3.9Zm154.5-.1c-3.3.7-8.9 2.5-12.5 3.9-6.7 2.7-20.1 11.3-20.7 13.3-.2.6 2 3.7 5 6.9l5.4 5.8 6.9-4.6c9.5-6.3 17.1-8.9 27.4-9.5 12.9-.8 25.3 3.1 35.3 11l3.9 3 5.9-5.9 6-5.9-4.2-3.8c-5.8-5.2-20.9-12.4-29.7-14.2-8.8-1.8-20.5-1.8-28.7 0Zm-71.3 79.2.3 46.8h17l.3-46.8.2-46.7h-18l.2 46.7Zm-74.7-28.3c-7.2 3.1-11.5 12.2-9.4 19.8 1.4 5.5 7.3 11.4 12.2 12.3 7.7 1.5 15.4-2 18.9-8.5 2.6-4.8 2.1-13.4-1.1-17.8-4.4-6.3-13.6-8.9-20.6-5.8Zm149.3 7.7c-13.6 1-24.8 3.6-24.8 5.7.1 3.1 3.8 14.7 4.6 14.5 14.8-2.8 19.4-3.3 31.3-3.3 9.1 0 16.5.6 22.4 1.8 6.1 1.3 9 1.5 9.3.8 1.1-2.9 4.3-15 4.1-15.3-.8-.7-15.7-3.4-22-3.8-4-.3-9-.7-11.2-.9-2.2-.1-8.4.1-13.7.5Zm4.4 53.8c-3.7 4-11.9 17.7-14.7 24.8-5.3 13.1-5.6 29-.7 43.7 3.3 10 14.8 28.1 18.9 29.7 2.4.9 8.9-.7 46.5-12l43.7-13.1h86l2.8-2.4 2.8-2.4.3-17.9c.4-19.8-.5-24.8-4.8-27-1.9-1-12.8-1.3-45.3-1.3h-42.8l-41.7-12.5c-22.9-6.9-43.1-12.5-45-12.5-2.5 0-4.1.8-6 2.9Zm17.8 17.4 7.5 2.4.6 5.9c.3 3.2 1.4 8.5 2.4 11.7l1.9 5.7-2.4 7.3c-2.3 6.7-2.8 13.6-1.8 22.6.3 2.3-.4 2.7-7.2 4.8-4.1 1.3-7.8 2.3-8.3 2.3-1.3 0-7.8-10.9-9.9-16.8-3.2-8.8-3-23.7.4-31.9 2-4.9 8.5-16.4 9.2-16.3 0 0 3.5 1.1 7.6 2.3Zm45 13.6 19.5 5.8.3 10.9.2 10.9-18.2 5.4c-10.1 3-19 5.6-19.9 5.8-2.7.7-3.1-5.9-.9-13 3.7-11.7 3.6-14.7-.6-29.5-.3-1.2-.5-2.2-.3-2.2s9.2 2.7 19.9 5.9Zm105 16.6v8.5h-68v-17h68v8.5Zm-280.3-.7c-1.5 3.7-2.7 7.3-2.7 7.9 0 2.5 18.3 7.6 33.6 9.4 13.6 1.5 38.4-.7 38.4-3.5 0-.6-.7-4.4-1.7-8.4-1.6-6.9-1.8-7.3-4-6.7-1.3.3-6.6 1-11.8 1.5-14.2 1.3-31.3-.8-44.4-5.4-2.4-.9-4.4-1.6-4.6-1.6-.1 0-1.4 3-2.8 6.8Zm-110.7 3c-3.8 1.3-11.6 1.7-50.7 2.1l-46.3.6-2.7 2.8-2.8 2.7v48l2.8 2.7 2.7 2.8 46.8.6c40.2.4 47.5.8 52.5 2.3 5 1.5 10 1.6 41.5 1.4 40.9-.3 41.1-.4 46.3-8.7l2.9-4.5v-20.2c0-21.5-.4-24.1-4.8-28.8-5.2-5.5-5.9-5.6-46.4-5.5-31.8 0-38 .3-41.8 1.7Zm34 32.2v17h-12.2c-9 0-14.3-.6-19.8-2-6.8-1.8-11-2-47.2-2h-39.8v-26h39.8c36.2 0 40.3-.2 46.2-1.9 4.9-1.5 9.8-2 19.8-2l13.2-.1v17Zm41.8-.3-.3 16.8-12.2.3-12.3.3v-34.1h25l-.2 16.7Zm163.6 26.5c-7.3 7.5-21.3 19.3-29.3 24.7-10.1 6.9-26.1 14.8-35.6 17.7-13 3.9-30 3.9-43 0-13.6-4.1-32.9-14.8-46.4-25.7l-3.4-2.8-6.7 3.4-6.7 3.4-.6 22.8c-.5 24-1.7 33.6-6.3 49.4-2.7 9.5-2.4 12.4 1.8 15.3 2 1.4 11.1 1.6 89.8 1.6s87.8-.2 89.8-1.6c4.2-2.9 4.5-5.8 1.8-15.3-4.4-15.2-5.8-25.6-6.3-47.1l-.5-20.5 10.3-10.2 10.4-10.3-3-2.5c-1.6-1.4-4.6-3.8-6.6-5.5l-3.6-2.9-5.9 6.1Zm-131.6 51.2c34.9 17.6 69.4 14.7 106.2-8.9l7-4.5v8.9c0 11.5 1.6 27.4 3.9 37.8l1.8 8.3h-147.3l1.8-8.7c2.3-11.4 3.8-26.2 3.8-37.4v-8.8l7.8 4.8c4.3 2.7 11.1 6.5 15 8.5Z"
        />
      </g>
      <defs>
        <clippath
          id="a"
        >
          <path
            d="M0 0h512v512H0z"
            fill="currentColor"
          />
        </clippath>
      </defs>
    </svg>
  </div>
  <div
    class="c3"
  >
    <div
      class="c4"
    >
      <h2
        class="c5 c6"
        color="black"
      >
        Contact Us
      </h2>
      <a
        href="mailto:sac@makeupstore.com"
      >
        sac@makeupstore.com
      </a>
    </div>
    <div
      aria-labelledby="social-media"
      class="c4"
    >
      <h2
        class="c5 c6"
        color="black"
      >
        Follow us
      </h2>
      <nav
        id="social-media"
      >
        <a
          href="https://www.instagram.com/makeup-store"
          rel="noopenner, noreferrer"
          target="_blank"
        >
          Instagram
        </a>
        <a
          href="https://www.twitter.com/makeup-store"
          rel="noopenner, noreferrer"
          target="_blank"
        >
          Twitter
        </a>
        <a
          href="https://www.youtube.com/makeup-store"
          rel="noopenner, noreferrer"
          target="_blank"
        >
          Youtube
        </a>
        <a
          href="https://www.facebook.com/makeup-store"
          rel="noopenner, noreferrer"
          target="_blank"
        >
          Facebook
        </a>
      </nav>
    </div>
    <div
      aria-labelledby="resources"
      class="c4"
    >
      <h2
        class="c5 c6"
        color="black"
      >
        Links
      </h2>
      <nav
        id="resources"
      >
        <a
          href="/"
        >
          Home
        </a>
        <a
          href="/games"
        >
          Store
        </a>
        <a
          href="/search"
        >
          Buscar
        </a>
      </nav>
    </div>
    <div
      aria-label="contact"
      class="c4"
    >
      <h2
        class="c5 c6"
        color="black"
      >
        Location
      </h2>
      <span>
        Lorem ipsum dolor sit.
      </span>
      <span>
        Lorem Ipsum
      </span>
      <span>
        Lorem, ipsum dolor.
      </span>
    </div>
  </div>
  <div
    class="c7"
  >
    Makeup Store 2021 © All rights reserved.
  </div>
</footer>
`;
