// Jest Snapshot v1, https://goo.gl/fbAQLP

exports[`<ProductCard /> should render correctly 1`] = `
.c10 {
  display: inline-block;
  vertical-align: middle;
  overflow: hidden;
}

.c9 {
  display: -webkit-inline-box;
  display: -webkit-inline-flex;
  display: -ms-inline-flexbox;
  display: inline-flex;
  -webkit-align-items: center;
  -webkit-box-align: center;
  -ms-flex-align: center;
  align-items: center;
  -webkit-box-pack: center;
  -webkit-justify-content: center;
  -ms-flex-pack: center;
  justify-content: center;
  background: linear-gradient(180deg,#ff5f5f 0%,#f062c0 50%);
  color: #FAFAFA;
  border: 0;
  cursor: pointer;
  border-radius: 0.4rem;
  padding: 0.8rem;
  -webkit-text-decoration: none;
  text-decoration: none;
  height: 3rem;
  font-size: 1.2rem;
}

.c9:focus {
  outline: 1px dashed;
}

.c9:hover {
  background: linear-gradient(180deg,#e35565 0%,#d958a6 50%);
}

.c9 svg {
  width: 1.5rem;
}

.c9 svg + span {
  margin-left: 0.8rem;
}

.c0 {
  position: relative;
  display: -webkit-box;
  display: -webkit-flex;
  display: -ms-flexbox;
  display: flex;
  -webkit-flex-direction: column;
  -ms-flex-direction: column;
  flex-direction: column;
  width: 100%;
  height: 100%;
  background-color: #FAFAFA;
}

.c1 {
  min-height: 14rem;
  position: relative;
  width: 100%;
  background: #f6f7f8;
  background-size: cover;
}

.c2 {
  display: -webkit-box;
  display: -webkit-flex;
  display: -ms-flexbox;
  display: flex;
  -webkit-flex-direction: column;
  -ms-flex-direction: column;
  flex-direction: column;
  -webkit-box-pack: justify;
  -webkit-justify-content: space-between;
  -ms-flex-pack: justify;
  justify-content: space-between;
  position: relative;
  height: 100%;
  margin: 1.6rem;
}

.c3 {
  max-width: calc(70% - 2.5rem);
  -webkit-text-decoration: none;
  text-decoration: none;
}

.c4 {
  font-size: 1.6rem;
  line-height: 1.6rem;
  font-weight: 600;
  color: #030517;
}

.c5 {
  font-size: 1.4rem;
  font-weight: 600;
  color: #8F8F8F;
}

.c6 {
  color: #F231A5;
  position: absolute;
  right: -1rem;
  top: -0.5rem;
}

.c6 svg {
  width: 2.5rem;
}

.c7 {
  display: -webkit-box;
  display: -webkit-flex;
  display: -ms-flexbox;
  display: flex;
  -webkit-align-items: center;
  -webkit-box-align: center;
  -ms-flex-align: center;
  align-items: center;
  -webkit-box-pack: end;
  -webkit-justify-content: flex-end;
  -ms-flex-pack: end;
  justify-content: flex-end;
  margin-top: 0.8rem;
}

.c8 {
  display: -webkit-inline-box;
  display: -webkit-inline-flex;
  display: -ms-inline-flexbox;
  display: inline-flex;
  font-weight: 600;
  height: 3rem;
  -webkit-align-items: center;
  -webkit-box-align: center;
  -ms-flex-align: center;
  align-items: center;
  color: #FAFAFA;
  padding: 0 0.8rem;
  background-color: #3CD3C1;
  border-radius: 0.4rem;
  margin-right: calc(0.8rem / 2);
}

<article
  class="c0"
>
  <a
    class="c1"
    href="/product/1"
  >
    <img
      alt="Lippie Pencil"
      layout="fill"
      src="https://source.unsplash.com/user/willianjusten/300x140"
    />
  </a>
  <div
    class="c2"
  >
    <a
      class="c3"
      href="/product/1"
    >
      <h3
        class="c4"
      >
        Lippie Pencil
      </h3>
      <h4
        class="c5"
      >
        Colourpop
      </h4>
    </a>
    <div
      class="c6"
    >
      <span
        class=""
      >
        <span
          style="color: rgb(241, 165, 69); width: 25px; height: 25px; display: inline-flex;"
        >
          <svg
            fill="currentColor"
            height="25"
            viewBox="0 0 24 24"
            width="25"
          >
            <path
              d="M12 17.27L18.18 21l-1.64-7.03L22 9.24l-7.19-.61L12 2 9.19 8.63 2 9.24l5.46 4.73L5.82 21z"
            />
          </svg>
        </span>
        <span
          style="color: rgb(241, 165, 69); width: 25px; height: 25px; display: inline-flex;"
        >
          <svg
            fill="currentColor"
            height="25"
            viewBox="0 0 24 24"
            width="25"
          >
            <path
              d="M12 17.27L18.18 21l-1.64-7.03L22 9.24l-7.19-.61L12 2 9.19 8.63 2 9.24l5.46 4.73L5.82 21z"
            />
          </svg>
        </span>
        <span
          style="color: rgb(241, 165, 69); width: 25px; height: 25px; display: inline-flex;"
        >
          <svg
            fill="currentColor"
            height="25"
            viewBox="0 0 24 24"
            width="25"
          >
            <path
              d="M12 17.27L18.18 21l-1.64-7.03L22 9.24l-7.19-.61L12 2 9.19 8.63 2 9.24l5.46 4.73L5.82 21z"
            />
          </svg>
        </span>
        <span
          style="color: rgb(241, 165, 69); width: 25px; height: 25px; display: inline-flex;"
        >
          <svg
            fill="currentColor"
            height="25"
            viewBox="0 0 24 24"
            width="25"
          >
            <path
              d="M12 17.27L18.18 21l-1.64-7.03L22 9.24l-7.19-.61L12 2 9.19 8.63 2 9.24l5.46 4.73L5.82 21z"
            />
          </svg>
        </span>
        <span
          style="color: rgb(204, 204, 204); width: 25px; height: 25px; display: inline-flex;"
        >
          <svg
            fill="currentColor"
            height="25"
            viewBox="0 0 24 24"
            width="25"
          >
            <path
              d="M12 17.27L18.18 21l-1.64-7.03L22 9.24l-7.19-.61L12 2 9.19 8.63 2 9.24l5.46 4.73L5.82 21z"
            />
          </svg>
        </span>
      </span>
    </div>
    <div
      class="c7"
    >
      <div
        class="c8"
      >
        5,00 €
      </div>
      <button
        aria-label="Add to cart"
        class="c9"
      >
        <svg
          aria-hidden="true"
          class="c10"
          fill="currentColor"
          focusable="false"
          viewBox="0 0 24 24"
          xmlns="http://www.w3.org/2000/svg"
        >
          <path
            d="M0 0h24v24H0V0z"
            fill="none"
          />
          <path
            d="M11 9h2V6h3V4h-3V1h-2v3H8v2h3v3zm-4 9c-1.1 0-1.99.9-1.99 2S5.9 22 7 22s2-.9 2-2-.9-2-2-2zm10 0c-1.1 0-1.99.9-1.99 2s.89 2 1.99 2 2-.9 2-2-.9-2-2-2zm-8.9-5h7.45c.75 0 1.41-.41 1.75-1.03l3.86-7.01L19.42 4l-3.87 7H8.53L4.27 2H1v2h2l3.6 7.59-1.35 2.44C4.52 15.37 5.48 17 7 17h12v-2H7l1.1-2z"
          />
        </svg>
      </button>
    </div>
  </div>
</article>
`;
